error[E0308]: mismatched types
  --> tests/fail/simple/invalid-argument-type.rs:8:21
   |
8  |     fn my_fn(&self, arg: String);
   |        -----        ^^^ expected `usize`, found `String`
   |        |
   |        arguments to this method are incorrect
   |
note: method defined here
  --> tests/fail/simple/invalid-argument-type.rs:14:12
   |
14 |     pub fn my_fn(&self, _: usize) {}
   |            ^^^^^        --------
