error[E0308]: mismatched types
 --> tests/fail/invalid-output-type.rs:8:8
  |
8 |     fn my_fn() -> usize;
  |        ^^^^^^^    ----- expected due to this
  |        |
  |        expected `usize`, found `MyStruct`
