error: Did not expect contextual receiver in constructing simple proxy type
 --> tests/fail/invalid-output-type-custom-body.rs:8:32
  |
8 |     fn fn_returning_proxy() -> Self {
  |                                ^^^^
